[04:38:25] ========================================================================
[04:38:25]   PEANUT MINING SYSTEM v2.0
[04:38:25] ========================================================================
[04:38:25]   Agent: SuzakuSZN  pubkey: 7SvhSq9vebSZbfXxTtruejVSPLK9YqE7T7ny5cyJEQpg
[04:38:25]   Agent: SuzakuAlpha  pubkey: 9Bo7HUrVwMRCcwDWsvNQkavko4feysEsDDmkoKT36C2N
[04:38:25]   Agent: SuzakuBeta  pubkey: GRxzV4Ax8UsdzAdSND9fXwffRgWkkLpbuSNi7n1wbP83
[04:38:25]   Workers/agent: 4  |  Total: 12
[04:38:25]   Delay: 0.3-1.2s adaptive  |  Retries: 3
[04:38:25] ========================================================================
[04:38:25] 
[04:38:25] [SYSTEM] 12 workers queued — full launch in ~18s

[04:38:25] [SuzakuSZN:W0] ONLINE (stagger=0.1s)
[04:38:27] [SuzakuSZN:W1] ONLINE (stagger=1.8s)
[04:38:29] [SuzakuSZN:W2] ONLINE (stagger=3.4s)
[04:38:30] [SuzakuSZN:W3] ONLINE (stagger=5.0s)
[04:38:31] [SuzakuAlpha:W0] ONLINE (stagger=6.2s)
[04:38:33] [SuzakuAlpha:W1] ONLINE (stagger=7.7s)
[04:38:35] [SuzakuAlpha:W2] ONLINE (stagger=9.4s)
[04:38:36] [SuzakuAlpha:W3] ONLINE (stagger=10.6s)
[04:38:37] [SuzakuBeta:W0] ONLINE (stagger=12.1s)
[04:38:39] [SuzakuBeta:W1] ONLINE (stagger=14.1s)
[04:38:41] [SuzakuBeta:W2] ONLINE (stagger=15.5s)
[04:38:42] [SuzakuBeta:W3] ONLINE (stagger=16.6s)
[04:38:55] ========================================================================
[04:38:55]   MINING DASHBOARD  |  Uptime: 0m 30s  |  Rate: 0.0 accepted/min
[04:38:55] ------------------------------------------------------------------------
[04:38:55]   Agent             Submit  Accept  Fail   Rate   Peanuts   VCUs    Solve   Submit
[04:38:55] ------------------------------------------------------------------------
[04:38:55]   SuzakuSZN              0       0     0   0.0%         0      0    0.0ms      0ms
[04:38:55]   SuzakuAlpha            0       0     0   0.0%         0      0    0.0ms      0ms
[04:38:55]   SuzakuBeta             0       0     0   0.0%         0      0    0.0ms      0ms
[04:38:55] ------------------------------------------------------------------------
[04:38:55]   TOTAL                  0       0     0   0.0%         0      0
[04:38:55] ========================================================================
[04:39:10] [SuzakuSZN:W0] ACCEPTED task=TASK_1_mmvjwp8m nonce=69784 +500P +1V solve=6ms submit=38653ms
[04:39:12] [SuzakuSZN:W1] ACCEPTED task=TASK_1_mmvjwqe6 nonce=89831 +500P +1V solve=1ms submit=39227ms
[04:39:13] [SuzakuSZN:W2] ACCEPTED task=TASK_1_mmvjwrn6 nonce=23254 +500P +1V solve=1ms submit=38622ms
[04:39:14] [SuzakuSZN:W3] ACCEPTED task=TASK_1_mmvjwsvn nonce=37487 +500P +1V solve=1ms submit=38278ms
[04:39:15] [SuzakuAlpha:W1] ACCEPTED task=TASK_1_mmvjwuvd nonce=53611 +500P +1V solve=2ms submit=37105ms
[04:39:16] [SuzakuAlpha:W0] ACCEPTED task=TASK_1_mmvjwtsu nonce=43051 +500P +1V solve=2ms submit=39608ms
[04:39:19] [SuzakuAlpha:W2] ACCEPTED task=TASK_1_mmvjww3n nonce=42644 +500P +1V solve=3ms submit=38739ms
[04:39:20] [SuzakuAlpha:W3] ACCEPTED task=TASK_1_mmvjwx4j nonce=18558 +500P +1V solve=1ms submit=38820ms
[04:39:21] [SuzakuBeta:W0] ACCEPTED task=TASK_1_mmvjwyae nonce=10444 +500P +1V solve=1ms submit=38193ms
[04:39:23] [SuzakuBeta:W1] ACCEPTED task=TASK_1_mmvjx00n nonce=87813 +500P +1V solve=1ms submit=37674ms
[04:39:24] [SuzakuBeta:W2] ACCEPTED task=TASK_1_mmvjx16e nonce=16557 +500P +1V solve=7ms submit=38039ms
[04:39:25] ========================================================================
[04:39:25]   MINING DASHBOARD  |  Uptime: 1m 0s  |  Rate: 11.0 accepted/min
[04:39:25] ------------------------------------------------------------------------
[04:39:25]   Agent             Submit  Accept  Fail   Rate   Peanuts   VCUs    Solve   Submit
[04:39:25] ------------------------------------------------------------------------
[04:39:25]   SuzakuSZN              4       4     0 100.0%      2000      4    2.0ms  38695ms
[04:39:25]   SuzakuAlpha            4       4     0 100.0%      2000      4    2.2ms  38568ms
[04:39:25]   SuzakuBeta             3       3     0 100.0%      1500      3    2.6ms  37969ms
[04:39:25] ------------------------------------------------------------------------
[04:39:25]   TOTAL                 11      11     0 100.0%      5500     11
[04:39:25] ========================================================================
[04:39:26] [SuzakuBeta:W3] ACCEPTED task=TASK_1_mmvjx1th nonce=78797 +500P +1V solve=5ms submit=38979ms
[04:39:31] [ALLOC] SuzakuSZN: server_peanuts=44,000 server_vcus=88
[04:39:36] [ALLOC] SuzakuAlpha: server_peanuts=27,500 server_vcus=55
[04:39:42] [ALLOC] SuzakuBeta: server_peanuts=42,500 server_vcus=85
[04:39:43] [SuzakuBeta:W0] REJECTED [1/3] task=TASK_1_mmvjxwkg: <!DOCTYPE html>
<!--[if lt IE 7]> <html class="no-js ie6 oldie" lang="en-US"> <![endif]-->
<!--[if IE 7]>    <html class="no-js ie7 oldie" lang="en-US"> <![endif]-->
<!--[if IE 8]>    <html class="no-js ie8 oldie" lang="en-US"> <![endif]-->
<!--[if gt IE 8]><!--> <html class="no-js" lang="en-US"> <!--<![endif]-->
<head>

<title> | 502: Bad gateway</title>
<meta charset="UTF-8" />
<meta http-equiv="Content-Type" content="text/html; charset=UTF-8" />
<meta http-equiv="X-UA-Compatible" content="IE=Edge" />
<meta name="robots" content="noindex, nofollow" />
<meta name="viewport" content="width=device-width,initial-scale=1" />
<link rel="stylesheet" id="cf_styles-css" href="/cdn-cgi/styles/main.css" />
</head>
<body>
<div id="cf-wrapper">
    <div id="cf-error-details" class="p-0">
        <header class="mx-auto pt-10 lg:pt-6 lg:px-8 w-240 lg:w-full mb-8">
            <h1 class="inline-block sm:block sm:mb-2 font-light text-60 lg:text-4xl text-black-dark leading-tight mr-2">
                <span class="inline-block">Bad gateway</span>
                <span class="code-label">Error code 502</span>
            </h1>
            <div>
                Visit <a href="https://www.cloudflare.com/5xx-error-landing?utm_source=errorcode_502&utm_campaign=wrcenmardnbprfpqhrqe.supabase.co" target="_blank" rel="noopener noreferrer">cloudflare.com</a> for more information.
            </div>
            <div class="mt-3">2026-03-18 04:39:43 UTC</div>
        </header>
        <div class="my-8 bg-gradient-gray">
            <div class="w-240 lg:w-full mx-auto">
                <div class="clearfix md:px-8">
                    <div id="cf-browser-status" class=" relative w-1/3 md:w-full py-15 md:p-0 md:py-8 md:text-left md:border-solid md:border-0 md:border-b md:border-gray-400 overflow-hidden float-left md:float-none text-center">
  <div class="relative mb-10 md:m-0">
    
    <span class="cf-icon-browser block md:hidden h-20 bg-center bg-no-repeat"></span>
    <span class="cf-icon-ok w-12 h-12 absolute left-1/2 md:left-auto md:right-0 md:top-0 -ml-6 -bottom-4"></span>
    
  </div>
  <span class="md:block w-full truncate">You</span>
  <h3 class="md:inline-block mt-3 md:mt-0 text-2xl text-gray-600 font-light leading-1.3">
  
    Browser
  
  </h3>
  
  <span class="leading-1.3 text-2xl text-green-success">Working</span>
  
</div>
                    <div id="cf-cloudflare-status" class=" relative w-1/3 md:w-full py-15 md:p-0 md:py-8 md:text-left md:border-solid md:border-0 md:border-b md:border-gray-400 overflow-hidden float-left md:float-none text-center">
  <div class="relative mb-10 md:m-0">
    <a href="https://www.cloudflare.com/5xx-error-landing?utm_source=errorcode_502&#38;utm_campaign=wrcenmardnbprfpqhrqe.supabase.co" target="_blank" rel="noopener noreferrer">
    <span class="cf-icon-cloud block md:hidden h-20 bg-center bg-no-repeat"></span>
    <span class="cf-icon-ok w-12 h-12 absolute left-1/2 md:left-auto md:right-0 md:top-0 -ml-6 -bottom-4"></span>
    </a>
  </div>
  <span class="md:block w-full truncate">Ashburn</span>
  <h3 class="md:inline-block mt-3 md:mt-0 text-2xl text-gray-600 font-light leading-1.3">
  <a href="https://www.cloudflare.com/5xx-error-landing?utm_source=errorcode_502&utm_campaign=wrcenmardnbprfpqhrqe.supabase.co" target="_blank" rel="noopener noreferrer">
    Cloudflare
  </a>
  </h3>
  
  <span class="leading-1.3 text-2xl text-green-success">Working</span>
  
</div>
                    <div id="cf-host-status" class="cf-error-source relative w-1/3 md:w-full py-15 md:p-0 md:py-8 md:text-left md:border-solid md:border-0 md:border-b md:border-gray-400 overflow-hidden float-left md:float-none text-center">
  <div class="relative mb-10 md:m-0">
    
    <span class="cf-icon-server block md:hidden h-20 bg-center bg-no-repeat"></span>
    <span class="cf-icon-error w-12 h-12 absolute left-1/2 md:left-auto md:right-0 md:top-0 -ml-6 -bottom-4"></span>
    
  </div>
  <span class="md:block w-full truncate">wrcenmardnbprfpqhrqe.supabase.co</span>
  <h3 class="md:inline-block mt-3 md:mt-0 text-2xl text-gray-600 font-light leading-1.3">
  
    Host
  
  </h3>
  
  <span class="leading-1.3 text-2xl text-red-error">Error</span>
  
</div>
                </div>
            </div>
        </div>

        <div class="w-240 lg:w-full mx-auto mb-8 lg:px-8">
            <div class="clearfix">
                <div class="w-1/2 md:w-full float-left pr-6 md:pb-10 md:pr-0 leading-relaxed">
                    <h2 class="text-3xl font-normal leading-1.3 mb-4">What happened?</h2>
                    <p>The web server reported a bad gateway error.</p>
                </div>
                <div class="w-1/2 md:w-full float-left leading-relaxed">
                    <h2 class="text-3xl font-normal leading-1.3 mb-4">What can I do?</h2>
                    <p class="mb-6">Please try again in a few minutes.</p>
                </div>
            </div>
        </div>

        <div class="cf-error-footer cf-wrapper w-240 lg:w-full py-10 sm:py-4 sm:px-8 mx-auto text-center sm:text-left border-solid border-0 border-t border-gray-300">
    <p class="text-13">
      <span class="cf-footer-item sm:block sm:mb-1">Cloudflare Ray ID: <strong class="font-semibold">9de18e02bc16081f</strong></span>
      <span class="cf-footer-separator sm:hidden">&bull;</span>
      <span id="cf-footer-item-ip" class="cf-footer-item hidden sm:block sm:mb-1">
        Your IP:
        <button type="button" id="cf-footer-ip-reveal" class="cf-footer-ip-reveal-btn">Click to reveal</button>
        <span class="hidden" id="cf-footer-ip">54.91.187.230</span>
        <span class="cf-footer-separator sm:hidden">&bull;</span>
      </span>
      <span class="cf-footer-item sm:block sm:mb-1"><span>Performance &amp; security by</span> <a rel="noopener noreferrer" href="https://www.cloudflare.com/5xx-error-landing?utm_source=errorcode_502&#38;utm_campaign=wrcenmardnbprfpqhrqe.supabase.co" id="brand_link" target="_blank">Cloudflare</a></span>
      
    </p>
    <script>(function(){function d(){var b=a.getElementById("cf-footer-item-ip"),c=a.getElementById("cf-footer-ip-reveal");b&&"classList"in b&&(b.classList.remove("hidden"),c.addEventListener("click",function(){c.classList.add("hidden");a.getElementById("cf-footer-ip").classList.remove("hidden")}))}var a=document;document.addEventListener&&a.addEventListener("DOMContentLoaded",d)})();</script>
  </div><!-- /.error-footer -->

    </div>
</div>
</body>
</html>
[04:39:53] [SuzakuSZN:W0] ACCEPTED task=TASK_1_mmvjxni0 nonce=16065 +500P +1V solve=3ms submit=38201ms
[04:39:55] ========================================================================
[04:39:55]   MINING DASHBOARD  |  Uptime: 1m 30s  |  Rate: 8.7 accepted/min
[04:39:55] ------------------------------------------------------------------------
[04:39:55]   Agent             Submit  Accept  Fail   Rate   Peanuts   VCUs    Solve   Submit
[04:39:55] ------------------------------------------------------------------------
[04:39:55]   SuzakuSZN              5       5     0 100.0%      2500      5    2.3ms  38596ms
[04:39:55]   SuzakuAlpha            4       4     0 100.0%      2000      4    2.2ms  38568ms
[04:39:55]   SuzakuBeta             5       4     1  80.0%      2000      4    3.0ms  38221ms
[04:39:55] ------------------------------------------------------------------------
[04:39:55]   TOTAL                 14      13     1  92.9%      6500     13
[04:39:55] ========================================================================
[04:39:56] [SuzakuSZN:W1] ACCEPTED task=TASK_1_mmvjxpj6 nonce=30107 +500P +1V solve=3ms submit=37814ms
[04:39:57] [SuzakuSZN:W2] ACCEPTED task=TASK_1_mmvjxqig nonce=87360 +500P +1V solve=16ms submit=37877ms
[04:39:58] [SuzakuSZN:W3] ACCEPTED task=TASK_1_mmvjxr0i nonce=74922 +500P +1V solve=4ms submit=38090ms
[04:40:00] [SuzakuAlpha:W1] ACCEPTED task=TASK_1_mmvjxsk7 nonce=49358 +500P +1V solve=1ms submit=38443ms
[04:40:01] [SuzakuAlpha:W0] ACCEPTED task=TASK_1_mmvjxt06 nonce=9591 +500P +1V solve=4ms submit=38399ms
[04:40:03] [SuzakuAlpha:W2] ACCEPTED task=TASK_1_mmvjxv4m nonce=90496 +500P +1V solve=2ms submit=37965ms
[04:40:04] [SuzakuAlpha:W3] ACCEPTED task=TASK_1_mmvjxvum nonce=6397 +500P +1V solve=0ms submit=38107ms
[04:40:06] [SuzakuBeta:W1] ACCEPTED task=TASK_1_mmvjxxvg nonce=23396 +500P +1V solve=1ms submit=37658ms
[04:40:08] [SuzakuBeta:W2] ACCEPTED task=TASK_1_mmvjxz5t nonce=82068 +500P +1V solve=2ms submit=37981ms
[04:40:11] [SuzakuBeta:W3] ACCEPTED task=TASK_1_mmvjy0mw nonce=83588 +500P +1V solve=2ms submit=38335ms
[04:40:23] [SuzakuBeta:W0] ACCEPTED task=TASK_1_mmvjxwkg nonce=44133 +500P +1V solve=2ms submit=38904ms
[04:40:25] ========================================================================
[04:40:25]   MINING DASHBOARD  |  Uptime: 2m 0s  |  Rate: 12.0 accepted/min
[04:40:25] ------------------------------------------------------------------------
[04:40:25]   Agent             Submit  Accept  Fail   Rate   Peanuts   VCUs    Solve   Submit
[04:40:25] ------------------------------------------------------------------------
[04:40:25]   SuzakuSZN              8       8     0 100.0%      4000      8    4.4ms  38345ms
[04:40:25]   SuzakuAlpha            8       8     0 100.0%      4000      8    2.0ms  38398ms
[04:40:25]   SuzakuBeta             9       8     1  88.9%      4000      8    2.4ms  38221ms
[04:40:25] ------------------------------------------------------------------------
[04:40:25]   TOTAL                 25      24     1  96.0%     12000     24
[04:40:25] ========================================================================
[04:40:40] [SuzakuSZN:W0] ACCEPTED task=TASK_1_mmvjylev nonce=102428 +500P +1V solve=3ms submit=41070ms
[04:40:44] [SuzakuSZN:W1] ACCEPTED task=TASK_1_mmvjynpu nonce=40666 +500P +1V solve=3ms submit=41612ms
[04:40:46] [SuzakuSZN:W2] ACCEPTED task=TASK_1_mmvjyoop nonce=17522 +500P +1V solve=1ms submit=42098ms
[04:40:46] [SuzakuSZN:W3] ACCEPTED task=TASK_1_mmvjyoua nonce=37632 +500P +1V solve=1ms submit=42134ms
[04:40:48] [ALLOC] SuzakuSZN: server_peanuts=45,000 server_vcus=90
[04:40:49] [SuzakuAlpha:W1] ACCEPTED task=TASK_1_mmvjyr3p nonce=78751 +500P +1V solve=2ms submit=42323ms
[04:40:50] [SuzakuAlpha:W0] ACCEPTED task=TASK_1_mmvjyr91 nonce=93294 +500P +1V solve=5ms submit=43210ms
[04:40:52] [SuzakuAlpha:W2] ACCEPTED task=TASK_1_mmvjytmn nonce=57216 +500P +1V solve=6ms submit=41682ms
[04:40:54] [ALLOC] SuzakuAlpha: server_peanuts=28,500 server_vcus=57
[04:40:54] [SuzakuAlpha:W3] ACCEPTED task=TASK_1_mmvjyu1t nonce=44620 +500P +1V solve=6ms submit=43661ms
[04:40:55] ========================================================================
[04:40:55]   MINING DASHBOARD  |  Uptime: 2m 30s  |  Rate: 12.8 accepted/min
[04:40:55] ------------------------------------------------------------------------
[04:40:55]   Agent             Submit  Accept  Fail   Rate   Peanuts   VCUs    Solve   Submit
[04:40:55] ------------------------------------------------------------------------
[04:40:55]   SuzakuSZN             12      12     0 100.0%      6000     12    3.6ms  39473ms
[04:40:55]   SuzakuAlpha           12      12     0 100.0%      6000     12    3.0ms  39839ms
[04:40:55]   SuzakuBeta             9       8     1  88.9%      4000      8    2.4ms  38221ms
[04:40:55] ------------------------------------------------------------------------
[04:40:55]   TOTAL                 33      32     1  97.0%     16000     32
[04:40:55] ========================================================================
[04:40:56] [SuzakuBeta:W1] ACCEPTED task=TASK_1_mmvjyvx2 nonce=101804 +500P +1V solve=6ms submit=42986ms
[04:40:57] [SuzakuBeta:W2] ACCEPTED task=TASK_1_mmvjyx0g nonce=44595 +500P +1V solve=1ms submit=42299ms
[04:40:59] [SuzakuBeta:W3] ACCEPTED task=TASK_1_mmvjyz3m nonce=92660 +500P +1V solve=2ms submit=41576ms
[04:41:00] [ALLOC] SuzakuBeta: server_peanuts=44,000 server_vcus=88
[04:41:14] [SuzakuBeta:W0] ACCEPTED task=TASK_1_mmvjz9bm nonce=64448 +500P +1V solve=3ms submit=43306ms
[04:41:25] ========================================================================
[04:41:25]   MINING DASHBOARD  |  Uptime: 3m 0s  |  Rate: 12.0 accepted/min
[04:41:25] ------------------------------------------------------------------------
[04:41:25]   Agent             Submit  Accept  Fail   Rate   Peanuts   VCUs    Solve   Submit
[04:41:25] ------------------------------------------------------------------------
[04:41:25]   SuzakuSZN             12      12     0 100.0%      6000     12    3.6ms  39473ms
[04:41:25]   SuzakuAlpha           12      12     0 100.0%      6000     12    3.0ms  39839ms
[04:41:25]   SuzakuBeta            13      12     1  92.3%      6000     12    2.6ms  39661ms
[04:41:25] ------------------------------------------------------------------------
[04:41:25]   TOTAL                 37      36     1  97.3%     18000     36
[04:41:25] ========================================================================
[04:41:29] [SuzakuSZN:W0] ACCEPTED task=TASK_1_mmvjzmaw nonce=14887 +500P +1V solve=3ms submit=42427ms
[04:41:34] [SuzakuSZN:W1] ACCEPTED task=TASK_1_mmvjzouj nonce=78229 +500P +1V solve=5ms submit=43617ms
[04:41:35] [SuzakuSZN:W3] ACCEPTED task=TASK_1_mmvjzpt0 nonce=11338 +500P +1V solve=1ms submit=43715ms
[04:41:36] [SuzakuSZN:W2] ACCEPTED task=TASK_1_mmvjzq4f nonce=105852 +500P +1V solve=10ms submit=44084ms
[04:41:43] [SuzakuAlpha:W1] ACCEPTED task=TASK_1_mmvjzt42 nonce=99186 +500P +1V solve=1ms submit=47277ms
[04:41:44] [SuzakuAlpha:W0] ACCEPTED task=TASK_1_mmvjzu58 nonce=10638 +500P +1V solve=2ms submit=47240ms
[04:41:49] [SuzakuAlpha:W2] ACCEPTED task=TASK_1_mmvjzv7u nonce=96120 +500P +1V solve=4ms submit=50229ms
[04:41:52] [SuzakuAlpha:W3] ACCEPTED task=TASK_1_mmvjzww8 nonce=50372 +500P +1V solve=3ms submit=51535ms
[04:41:54] [SuzakuBeta:W1] ACCEPTED task=TASK_1_mmvjzyf9 nonce=69100 +500P +1V solve=2ms submit=51256ms
[04:41:55] [SuzakuBeta:W2] ACCEPTED task=TASK_1_mmvjzynv nonce=68171 +500P +1V solve=4ms submit=51572ms
[04:41:55] ========================================================================
[04:41:55]   MINING DASHBOARD  |  Uptime: 3m 30s  |  Rate: 13.1 accepted/min
[04:41:55] ------------------------------------------------------------------------
[04:41:55]   Agent             Submit  Accept  Fail   Rate   Peanuts   VCUs    Solve   Submit
[04:41:55] ------------------------------------------------------------------------
[04:41:55]   SuzakuSZN             16      16     0 100.0%      8000     16    3.9ms  40470ms
[04:41:55]   SuzakuAlpha           16      16     0 100.0%      8000     16    2.8ms  42146ms
[04:41:55]   SuzakuBeta            15      14     1  93.3%      7000     14    2.7ms  41340ms
[04:41:55] ------------------------------------------------------------------------
[04:41:55]   TOTAL                 47      46     1  97.9%     23000     46
[04:41:55] ========================================================================
[04:41:57] [SuzakuBeta:W3] ACCEPTED task=TASK_1_mmvk00pj nonce=22721 +500P +1V solve=2ms submit=51424ms
